2023-08-03 18:47:57.116 15816-15816 MobPushLogger           com.zerone.mood                      I  [MobPush]MobPush parsePushIntent uri:intent:#Intent;launchFlags=0x10000000;component=com.zerone.mood/com.luck.lib.camerax.PictureCameraActivity;B.com.luck.lib.camerax.isAutoRotation=true;S.com.luck.lib.camerax.OutputPathDir=%2Fstorage%2Femulated%2F0%2FAndroid%2Fdata%2Fcom.zerone.mood%2Ffiles%2FSandbox%2F;i.com.luck.lib.camerax.VideoBitRate=3145728;B.com.luck.lib.camerax.isManualFocus=true;i.com.luck.lib.camerax.VideoFrameRate=25;i.com.luck.lib.camerax.CameraMode=1;B.com.luck.lib.camerax.DisplayRecordChangeTime=true;B.com.luck.lib.camerax.isZoomPreview=true;end
2023-08-03 18:47:57.116 15816-15816 MobPushLogger           com.zerone.mood                      I  [MobPush]MobPush parsePushIntent JSONArray:{}
2023-08-03 18:47:57.117 15816-16741 Camera2CameraImpl       com.zerone.mood                      D  {Camera@29fde2e[id=0]} Releasing session in state OPENED
2023-08-03 18:47:57.117 15816-16741 UseCaseAttachState      com.zerone.mood                      D  Active and attached use case: [] for camera: 0
2023-08-03 18:47:57.118 15816-16741 UseCaseAttachState      com.zerone.mood                      D  Active and attached use case: [] for camera: 0
2023-08-03 18:47:57.119 15816-16741 Camera2CameraImpl       com.zerone.mood                      D  {Camera@29fde2e[id=0]} Closing camera.
2023-08-03 18:47:57.119 15816-15816 DeferrableSurface       com.zerone.mood                      D  surface closed,  useCount=1 closed=true androidx.camera.core.impl.ImmediateSurface@25fa265
2023-08-03 18:47:57.119 15816-15816 DeferrableSurface       com.zerone.mood                      D  surface closed,  useCount=1 closed=true androidx.camera.core.impl.ImmediateSurface@b352548
2023-08-03 18:47:57.120 15816-16741 Camera2CameraImpl       com.zerone.mood                      D  {Camera@29fde2e[id=0]} Transitioning camera internal state: OPENED --> CLOSING
2023-08-03 18:47:57.121 15816-16741 CameraStateRegistry     com.zerone.mood                      D  Recalculating open cameras:
                                                                                                    Camera                                       State                 
                                                                                                    -------------------------------------------------------------------
                                                                                                    Camera@29fde2e[id=0]                         CLOSING               
                                                                                                    Camera@4610b7[id=3]                          UNKNOWN               
                                                                                                    Camera@a5a0b8e[id=4]                         UNKNOWN               
                                                                                                    Camera@294a6c1[id=5]                         UNKNOWN               
                                                                                                    Camera@8e2db8c[id=2]                         UNKNOWN               
                                                                                                    Camera@5f98506[id=1]                         UNKNOWN               
                                                                                                    -------------------------------------------------------------------
                                                                                                    Open count: 1 (Max allowed: 1)
2023-08-03 18:47:57.121 15816-16741 CameraStateMachine      com.zerone.mood                      D  New public camera state CameraState{type=CLOSING, error=null} from CLOSING and null
2023-08-03 18:47:57.121 15816-16741 CameraStateMachine      com.zerone.mood                      D  Publishing new public camera state CameraState{type=CLOSING, error=null}
2023-08-03 18:47:57.121 15816-15816 MobPushLogger           com.zerone.mood                      I  [MobPush]MobPush parsePushIntent uri:intent:#Intent;launchFlags=0x10000000;component=com.zerone.mood/com.luck.lib.camerax.PictureCameraActivity;B.com.luck.lib.camerax.isAutoRotation=true;S.com.luck.lib.camerax.OutputPathDir=%2Fstorage%2Femulated%2F0%2FAndroid%2Fdata%2Fcom.zerone.mood%2Ffiles%2FSandbox%2F;i.com.luck.lib.camerax.VideoBitRate=3145728;B.com.luck.lib.camerax.isManualFocus=true;i.com.luck.lib.camerax.VideoFrameRate=25;i.com.luck.lib.camerax.CameraMode=1;B.com.luck.lib.camerax.DisplayRecordChangeTime=true;B.com.luck.lib.camerax.isZoomPreview=true;end
2023-08-03 18:47:57.121 15816-15816 MobPushLogger           com.zerone.mood                      I  [MobPush]MobPush parsePushIntent JSONArray:{}
2023-08-03 18:47:57.122 15816-15816 HiAdSDK.Sc...tiveLayout com.zerone.mood                      I   stop
2023-08-03 18:47:57.122 15816-16741 Camera2CameraImpl       com.zerone.mood                      D  {Camera@29fde2e[id=0]} Resetting Capture Session
2023-08-03 18:47:57.123 15816-16741 Camera2CameraImpl       com.zerone.mood                      D  {Camera@29fde2e[id=0]} Releasing session in state CLOSING
2023-08-03 18:47:57.123 15816-16741 CaptureSession          com.zerone.mood                      D  onSessionFinished()
2023-08-03 18:47:57.123 15816-16741 CameraDevice-JV-0       com.zerone.mood                      I  close camera: 0, package name: com.zerone.mood
2023-08-03 18:47:57.125 15816-15816 ActivityThread          com.zerone.mood                      D  Remove activity client record, r= ActivityRecord{db2e7ef token=android.os.BinderProxy@b2ee972 {com.zerone.mood/com.luck.lib.camerax.PictureCameraActivity}} token= android.os.BinderProxy@b2ee972
2023-08-03 18:47:57.125 15816-15816 ViewRootImpl            com.zerone.mood                      I  dispatchDetachedFromWindow in doDie
2023-08-03 18:47:57.131 15816-15816 RtgSchedManager         com.zerone.mood                      E  endActivityTransaction: margin state not match
2023-08-03 18:47:57.140 15816-15816 StreamStateObserver     com.zerone.mood                      D  Update Preview stream state to IDLE
2023-08-03 18:47:57.142 15816-15968 RmeSchedManager         com.zerone.mood                      I  SetMarginData, input:3, animation:4, traversal:4, util:600, frameRate:60
2023-08-03 18:47:57.228 15816-15968 RmeSchedManager         com.zerone.mood                      I  SetMarginData, input:3, animation:4, traversal:4, util:600, frameRate:60
2023-08-03 18:47:57.286 15816-16741 UseCaseAttachState      com.zerone.mood                      D  Active and attached use case: [] for camera: 0
2023-08-03 18:47:57.287 15816-15858 CameraDevice-JV-0       com.zerone.mood                      I  Camera now idle
2023-08-03 18:47:57.287 15816-16741 DeferrableSurface       com.zerone.mood                      D  use count-1,  useCount=0 closed=true androidx.camera.core.SurfaceRequest$2@9228a2e
2023-08-03 18:47:57.287 15816-16741 DeferrableSurface       com.zerone.mood                      D  Surface no longer in use[total_surfaces=3, used_surfaces=2](androidx.camera.core.SurfaceRequest$2@9228a2e}
2023-08-03 18:47:57.287 15816-16741 DeferrableSurface       com.zerone.mood                      D  Surface terminated[total_surfaces=2, used_surfaces=2](androidx.camera.core.SurfaceRequest$2@9228a2e}
2023-08-03 18:47:57.288 15816-16741 DeferrableSurface       com.zerone.mood                      D  use count-1,  useCount=0 closed=true androidx.camera.core.impl.ImmediateSurface@25fa265
2023-08-03 18:47:57.289 15816-16741 DeferrableSurface       com.zerone.mood                      D  Surface no longer in use[total_surfaces=2, used_surfaces=1](androidx.camera.core.impl.ImmediateSurface@25fa265}
2023-08-03 18:47:57.289 15816-16741 DeferrableSurface       com.zerone.mood                      D  Surface terminated[total_surfaces=1, used_surfaces=1](androidx.camera.core.impl.ImmediateSurface@25fa265}
2023-08-03 18:47:57.289 15816-16741 DeferrableSurface       com.zerone.mood                      D  use count-1,  useCount=0 closed=true androidx.camera.core.impl.ImmediateSurface@b352548
2023-08-03 18:47:57.289 15816-16741 DeferrableSurface       com.zerone.mood                      D  Surface no longer in use[total_surfaces=1, used_surfaces=0](androidx.camera.core.impl.ImmediateSurface@b352548}
2023-08-03 18:47:57.289 15816-16741 DeferrableSurface       com.zerone.mood                      D  Surface terminated[total_surfaces=0, used_surfaces=0](androidx.camera.core.impl.ImmediateSurface@b352548}
2023-08-03 18:47:57.291 15816-16741 Camera2CameraImpl       com.zerone.mood                      D  {Camera@29fde2e[id=0]} CameraDevice.onClosed()
2023-08-03 18:47:57.291 15816-16741 Camera2CameraImpl       com.zerone.mood                      D  {Camera@29fde2e[id=0]} Transitioning camera internal state: CLOSING --> INITIALIZED
2023-08-03 18:47:57.292 15816-16741 CameraStateRegistry     com.zerone.mood                      D  Recalculating open cameras:
                                                                                                    Camera                                       State                 
                                                                                                    -------------------------------------------------------------------
                                                                                                    Camera@29fde2e[id=0]                         CLOSED                
                                                                                                    Camera@4610b7[id=3]                          UNKNOWN               
                                                                                                    Camera@a5a0b8e[id=4]                         UNKNOWN               
                                                                                                    Camera@294a6c1[id=5]                         UNKNOWN               
                                                                                                    Camera@8e2db8c[id=2]                         UNKNOWN               
                                                                                                    Camera@5f98506[id=1]                         UNKNOWN               
                                                                                                    -------------------------------------------------------------------
                                                                                                    Open count: 0 (Max allowed: 1)
2023-08-03 18:47:57.292 15816-16741 CameraStateMachine      com.zerone.mood                      D  New public camera state CameraState{type=CLOSED, error=null} from CLOSED and null
2023-08-03 18:47:57.292 15816-16741 CameraStateMachine      com.zerone.mood                      D  Publishing new public camera state CameraState{type=CLOSED, error=null}
2023-08-03 18:47:57.293 15816-15816 SurfaceViewImpl         com.zerone.mood                      D  Safe to release surface.
2023-08-03 18:47:57.315 15816-15968 RmeSchedManager         com.zerone.mood                      I  SetMarginData, input:3, animation:4, traversal:4, util:600, frameRate:60
2023-08-03 18:47:57.434 15816-15968 RmeSchedManager         com.zerone.mood                      I  SetMarginData, input:3, animation:4, traversal:4, util:600, frameRate:60
2023-08-03 18:47:57.497 15816-15968 RmeSchedManager         com.zerone.mood                      I  SetMarginData, input:3, animation:4, traversal:4, util:600, frameRate:60
2023-08-03 18:47:57.563 15816-15968 RmeSchedManager         com.zerone.mood                      I  SetMarginData, input:3, animation:4, traversal:4, util:600, frameRate:60
2023-08-03 18:47:57.644 15816-15968 RmeSchedManager         com.zerone.mood                      I  SetMarginData, input:3, animation:4, traversal:4, util:600, frameRate:60
2023-08-03 18:47:57.712 15816-15968 RmeSchedManager         com.zerone.mood                      I  SetMarginData, input:3, animation:4, traversal:4, util:600, frameRate:60
2023-08-03 18:47:57.797 15816-15968 RmeSchedManager         com.zerone.mood                      I  SetMarginData, input:3, animation:4, traversal:4, util:600, frameRate:60
2023-08-03 18:47:57.860 15816-15968 RmeSchedManager         com.zerone.mood                      I  SetMarginData, input:3, animation:4, traversal:4, util:600, frameRate:60
2023-08-03 18:47:57.947 15816-15968 RmeSchedManager         com.zerone.mood                      I  SetMarginData, input:3, animation:4, traversal:4, util:600, frameRate:60
2023-08-03 18:47:58.029 15816-15968 RmeSchedManager         com.zerone.mood                      I  SetMarginData, input:3, animation:4, traversal:4, util:600, frameRate:60
2023-08-03 18:47:58.111 15816-15968 RmeSchedManager         com.zerone.mood                      I  SetMarginData, input:3, animation:4, traversal:4, util:600, frameRate:60
2023-08-03 18:47:58.195 15816-15968 RmeSchedManager         com.zerone.mood                      I  SetMarginData, input:3, animation:4, traversal:4, util:600, frameRate:60
2023-08-03 18:47:58.278 15816-15968 chatty                  com.zerone.mood                      I  uid=11746(com.zerone.mood) RenderThread identical 1 line
2023-08-03 18:47:58.345 15816-15968 RmeSchedManager         com.zerone.mood                      I  SetMarginData, input:3, animation:4, traversal:4, util:600, frameRate:60
2023-08-03 18:47:58.427 15816-15968 RmeSchedManager         com.zerone.mood                      I  SetMarginData, input:3, animation:4, traversal:4, util:600, frameRate:60
2023-08-03 18:47:58.497 15816-15968 RmeSchedManager         com.zerone.mood                      I  SetMarginData, input:3, animation:4, traversal:4, util:600, frameRate:60
2023-08-03 18:47:58.592 15816-15968 RmeSchedManager         com.zerone.mood                      I  SetMarginData, input:3, animation:4, traversal:4, util:600, frameRate:60
2023-08-03 18:47:58.676 15816-15968 RmeSchedManager         com.zerone.mood                      I  SetMarginData, input:3, animation:4, traversal:4, util:600, frameRate:60
2023-08-03 18:47:59.050 15816-15816 ViewRootImpl            com.zerone.mood                      I  dispatchDetachedFromWindow in doDie
2023-08-03 18:47:59.059 15816-15968 libEGL                  com.zerone.mood                      W  EGLNativeWindowType 0x792180f1d0 disconnect failed
2023-08-03 18:47:59.069 15816-15995 UMLog                   com.zerone.mood                      D  当前发送策略为：启动时发送。详见链接 https://developer.umeng.com/docs/66632/detail/66976?um_channel=sdk
2023-08-03 18:47:59.072 15816-15816 DecorView               com.zerone.mood                      D  showOrHideHighlightView: hasFocus=true; winMode=1; isMrgNull=true
2023-08-03 18:47:59.073 15816-15816 InputMethodManager      com.zerone.mood                      W  startInputReason = 1
2023-08-03 18:47:59.074 15816-15816 HwRemoteIn...hodManager com.zerone.mood                      W  isCasting false because IHwDistributedWindowManager is invalid.
2023-08-03 18:49:09.437 15816-15831 com.zerone.moo          com.zerone.mood                      I  NativeAlloc concurrent copying GC freed 10935(436KB) AllocSpace objects, 0(0B) LOS objects, 49% free, 18MB/37MB, paused 100us total 100.834ms
2023-08-03 18:49:25.492 15816-16288 System                  com.zerone.mood                      W  A resource failed to call response.body().close(). 
2023-08-03 18:49:25.492 15816-16288 System                  com.zerone.mood                      W  A resource failed to call response.body().close(). 
2023-08-03 18:49:25.492 15816-16288 System                  com.zerone.mood                      W  A resource failed to call response.body().close(). 
2023-08-03 18:49:25.493 15816-16288 System                  com.zerone.mood                      W  A resource failed to call response.body().close(). 
2023-08-03 18:49:25.493 15816-16288 System                  com.zerone.mood                      W  A resource failed to call response.body().close(). 
2023-08-03 18:49:25.493 15816-16288 chatty                  com.zerone.mood                      I  uid=11746(com.zerone.mood) OkHttp Connecti identical 2 lines
2023-08-03 18:49:25.493 15816-16288 System                  com.zerone.mood                      W  A resource failed to call response.body().close(). 
