2023-08-03 18:46:08.055  2725-3287  DollieAdapterService    pid-2725                             E  notifyActivityState pkg:com.zerone.mood/com.luck.lib.camerax.PictureCameraActivity state:2 fg:true mUid:11746
2023-08-03 18:46:08.058 15816-15995 UMLog                   com.zerone.mood                      D  当前发送策略为：启动时发送。详见链接 https://developer.umeng.com/docs/66632/detail/66976?um_channel=sdk
2023-08-03 18:46:08.069 15816-16734 HiTouch_Pr...reDetector com.zerone.mood                      D  onAttached, package=com.zerone.mood, windowType=1, mIsHiTouchRestricted=false
2023-08-03 18:46:08.078 15816-15968 mali_winsys             com.zerone.mood                      D  EGLint new_window_surface(egl_winsys_display *, void *, EGLSurface, EGLConfig, egl_winsys_surface **, EGLBoolean) returns 0x3000
2023-08-03 18:46:08.106 15816-15816 SensorManager           com.zerone.mood                      D  0x786359f800 addFd fd=275
2023-08-03 18:46:08.118 15816-15831 com.zerone.moo          com.zerone.mood                      I  NativeAlloc concurrent copying GC freed 112866(4837KB) AllocSpace objects, 37(2076KB) LOS objects, 49% free, 18MB/37MB, paused 121us total 103.030ms
2023-08-03 18:46:08.126 15816-15816 DecorView               com.zerone.mood                      D  showOrHideHighlightView: hasFocus=true; winMode=1; isMrgNull=true
2023-08-03 18:46:08.128 15816-15816 InputMethodManager      com.zerone.mood                      W  startInputReason = 1
2023-08-03 18:46:08.129 15816-15816 HwRemoteIn...hodManager com.zerone.mood                      W  isCasting false because IHwDistributedWindowManager is invalid.
2023-08-03 18:46:08.131 15816-16736 CameraManagerGlobal     com.zerone.mood                      I  Connecting to camera service
2023-08-03 18:46:08.142 15816-15968 libEGL                  com.zerone.mood                      W  EGLNativeWindowType 0x78a054d2d0 disconnect failed
2023-08-03 18:46:08.152 15816-15816 MobPushLogger           com.zerone.mood                      I  [MobPush]MobPush parsePushIntent uri:intent:#Intent;component=com.zerone.mood/.ui.temp.TempActivity;i.type=0;end
2023-08-03 18:46:08.152 15816-15816 MobPushLogger           com.zerone.mood                      I  [MobPush]MobPush parsePushIntent JSONArray:{}
2023-08-03 18:46:08.155 15816-15816 MobPushLogger           com.zerone.mood                      I  [MobPush]MobPush parsePushIntent uri:intent:#Intent;component=com.zerone.mood/.ui.temp.TempActivity;i.type=0;end
2023-08-03 18:46:08.155 15816-15816 MobPushLogger           com.zerone.mood                      I  [MobPush]MobPush parsePushIntent JSONArray:{}
2023-08-03 18:46:08.155 15816-15816 HiAdSDK.Sc...tiveLayout com.zerone.mood                      I   stop
2023-08-03 18:46:08.157 15816-15816 TempActivity Stacktrace com.zerone.mood                      I  java.lang.Throwable
                                                                                                    	at com.zerone.mood.ui.temp.TempActivity.onDestroy(TempActivity.java:140)
                                                                                                    	at android.app.Activity.performDestroy(Activity.java:8478)
                                                                                                    	at android.app.Instrumentation.callActivityOnDestroy(Instrumentation.java:1355)
                                                                                                    	at android.app.ActivityThread.performDestroyActivity(ActivityThread.java:5868)
                                                                                                    	at android.app.ActivityThread.handleDestroyActivity(ActivityThread.java:5913)
                                                                                                    	at android.app.servertransaction.DestroyActivityItem.execute(DestroyActivityItem.java:44)
                                                                                                    	at android.app.servertransaction.TransactionExecutor.executeLifecycleState(TransactionExecutor.java:190)
                                                                                                    	at android.app.servertransaction.TransactionExecutor.execute(TransactionExecutor.java:105)
                                                                                                    	at android.app.ActivityThread$H.handleMessage(ActivityThread.java:2618)
                                                                                                    	at android.os.Handler.dispatchMessage(Handler.java:110)
                                                                                                    	at android.os.Looper.loop(Looper.java:219)
                                                                                                    	at android.app.ActivityThread.main(ActivityThread.java:8673)
                                                                                                    	at java.lang.reflect.Method.invoke(Native Method)
                                                                                                    	at com.android.internal.os.RuntimeInit$MethodAndArgsCaller.run(RuntimeInit.java:513)
                                                                                                    	at com.android.internal.os.ZygoteInit.main(ZygoteInit.java:1109)
2023-08-03 18:46:08.157 15816-15816 ActivityThread          com.zerone.mood                      D  Remove activity client record, r= ActivityRecord{52f7649 token=android.os.BinderProxy@d5b42a1 {com.zerone.mood/com.zerone.mood.ui.temp.TempActivity}} token= android.os.BinderProxy@d5b42a1
2023-08-03 18:46:08.158 15816-15816 ViewRootImpl            com.zerone.mood                      I  dispatchDetachedFromWindow in doDie
2023-08-03 18:46:08.167 15816-16736 CameraRepository        com.zerone.mood                      D  Added camera: 0
2023-08-03 18:46:08.186 15816-16736 Camera2CameraInfo       com.zerone.mood                      I  Device Level: INFO_SUPPORTED_HARDWARE_LEVEL_LIMITED
2023-08-03 18:46:08.187 15816-16736 CameraRepository        com.zerone.mood                      D  Added camera: 1
2023-08-03 18:46:08.188 15816-16736 Camera2CameraInfo       com.zerone.mood                      I  Device Level: INFO_SUPPORTED_HARDWARE_LEVEL_LIMITED
2023-08-03 18:46:08.189 15816-16736 CameraRepository        com.zerone.mood                      D  Added camera: 2
2023-08-03 18:46:08.189 15816-16736 Camera2CameraInfo       com.zerone.mood                      I  Device Level: INFO_SUPPORTED_HARDWARE_LEVEL_LIMITED
2023-08-03 18:46:08.189 15816-16736 CameraRepository        com.zerone.mood                      D  Added camera: 3
2023-08-03 18:46:08.190 15816-16736 Camera2CameraInfo       com.zerone.mood                      I  Device Level: INFO_SUPPORTED_HARDWARE_LEVEL_LIMITED
2023-08-03 18:46:08.190 15816-16736 CameraRepository        com.zerone.mood                      D  Added camera: 4
2023-08-03 18:46:08.191 15816-16736 Camera2CameraInfo       com.zerone.mood                      I  Device Level: INFO_SUPPORTED_HARDWARE_LEVEL_LIMITED
2023-08-03 18:46:08.191 15816-16736 CameraRepository        com.zerone.mood                      D  Added camera: 5
2023-08-03 18:46:08.191 15816-16736 Camera2CameraInfo       com.zerone.mood                      I  Device Level: INFO_SUPPORTED_HARDWARE_LEVEL_LIMITED
2023-08-03 18:46:08.192 15816-16736 CameraValidator         com.zerone.mood                      D  Verifying camera lens facing on HWCDY, lensFacingInteger: null
2023-08-03 18:46:08.221 15816-15816 CameraOrientationUtil   com.zerone.mood                      D  getRelativeImageRotation: destRotationDegrees=0, sourceRotationDegrees=90, isOppositeFacing=true, result=90
2023-08-03 18:46:08.222 15816-15816 CameraOrientationUtil   com.zerone.mood                      D  getRelativeImageRotation: destRotationDegrees=0, sourceRotationDegrees=90, isOppositeFacing=true, result=90
2023-08-03 18:46:08.227 15816-15816 DeferrableSurface       com.zerone.mood                      D  Surface created[total_surfaces=1, used_surfaces=0](androidx.camera.core.SurfaceRequest$2@d2ea4a2}
2023-08-03 18:46:08.232 15816-15816 DeferrableSurface       com.zerone.mood                      D  Surface created[total_surfaces=2, used_surfaces=0](androidx.camera.core.impl.ImmediateSurface@cff8669}
2023-08-03 18:46:08.233 15816-16741 Camera2CameraImpl       com.zerone.mood                      D  {Camera@29fde2e[id=0]} Use case androidx.camera.core.ImageCapture-2dc99b77-eb65-49b9-8fda-f8e7111a976b131588021 ACTIVE
2023-08-03 18:46:08.234 15816-15816 CameraOrientationUtil   com.zerone.mood                      D  getRelativeImageRotation: destRotationDegrees=0, sourceRotationDegrees=90, isOppositeFacing=true, result=90
2023-08-03 18:46:08.234 15816-16741 UseCaseAttachState      com.zerone.mood                      D  Active and attached use case: [] for camera: 0
2023-08-03 18:46:08.234 15816-15816 CameraOrientationUtil   com.zerone.mood                      D  getRelativeImageRotation: destRotationDegrees=0, sourceRotationDegrees=90, isOppositeFacing=true, result=90
2023-08-03 18:46:08.235 15816-15816 DeferrableSurface       com.zerone.mood                      D  Surface created[total_surfaces=3, used_surfaces=0](androidx.camera.core.impl.ImmediateSurface@f6425fa}
2023-08-03 18:46:08.236 15816-16737 Camera2CameraImpl       com.zerone.mood                      D  {Camera@29fde2e[id=0]} Use case androidx.camera.core.Preview-c62450cf-a9b2-4117-b029-ecfd64debea6248188908 INACTIVE
2023-08-03 18:46:08.236 15816-16737 UseCaseAttachState      com.zerone.mood                      D  Active and attached use case: [] for camera: 0
2023-08-03 18:46:08.236 15816-16737 Camera2CameraImpl       com.zerone.mood                      D  {Camera@29fde2e[id=0]} Use case androidx.camera.core.ImageCapture-2dc99b77-eb65-49b9-8fda-f8e7111a976b131588021 ACTIVE
2023-08-03 18:46:08.236 15816-16737 UseCaseAttachState      com.zerone.mood                      D  Active and attached use case: [] for camera: 0
2023-08-03 18:46:08.236 15816-15816 CameraOrientationUtil   com.zerone.mood                      D  getRelativeImageRotation: destRotationDegrees=0, sourceRotationDegrees=90, isOppositeFacing=true, result=90
2023-08-03 18:46:08.237 15816-16737 Camera2CameraImpl       com.zerone.mood                      D  {Camera@29fde2e[id=0]} Use case androidx.camera.core.ImageAnalysis-563f94a4-ae96-44eb-8e91-2d7eb2fd99b2135370314 INACTIVE
2023-08-03 18:46:08.237 15816-16737 UseCaseAttachState      com.zerone.mood                      D  Active and attached use case: [] for camera: 0
2023-08-03 18:46:08.238 15816-16737 UseCaseAttachState      com.zerone.mood                      D  Active and attached use case: [] for camera: 0
2023-08-03 18:46:08.238 15816-16737 Camera2CameraImpl       com.zerone.mood                      D  {Camera@29fde2e[id=0]} Use cases [androidx.camera.core.Preview-c62450cf-a9b2-4117-b029-ecfd64debea6248188908, androidx.camera.core.ImageCapture-2dc99b77-eb65-49b9-8fda-f8e7111a976b131588021, androidx.camera.core.ImageAnalysis-563f94a4-ae96-44eb-8e91-2d7eb2fd99b2135370314] now ATTACHED
2023-08-03 18:46:08.239 15816-15816 PreviewView             com.zerone.mood                      D  Surface requested by Preview.
2023-08-03 18:46:08.239 15816-16737 UseCaseAttachState      com.zerone.mood                      D  All use case: [androidx.camera.core.ImageCapture-2dc99b77-eb65-49b9-8fda-f8e7111a976b131588021, androidx.camera.core.Preview-c62450cf-a9b2-4117-b029-ecfd64debea6248188908, androidx.camera.core.ImageAnalysis-563f94a4-ae96-44eb-8e91-2d7eb2fd99b2135370314] for camera: 0
2023-08-03 18:46:08.239 15816-16737 UseCaseAttachState      com.zerone.mood                      D  Active and attached use case: [androidx.camera.core.ImageCapture-2dc99b77-eb65-49b9-8fda-f8e7111a976b131588021] for camera: 0
2023-08-03 18:46:08.241 15816-16737 Camera2CameraImpl       com.zerone.mood                      D  {Camera@29fde2e[id=0]} Resetting Capture Session
2023-08-03 18:46:08.241 15816-16737 Camera2CameraImpl       com.zerone.mood                      D  {Camera@29fde2e[id=0]} Releasing session in state INITIALIZED
2023-08-03 18:46:08.241 15816-16737 Camera2CameraImpl       com.zerone.mood                      D  {Camera@29fde2e[id=0]} Attempting to force open the camera.
2023-08-03 18:46:08.242 15816-16737 CameraStateRegistry     com.zerone.mood                      D  tryOpenCamera(Camera@29fde2e[id=0]) [Available Cameras: 1, Already Open: false (Previous state: null)] --> SUCCESS
2023-08-03 18:46:08.242 15816-16737 CameraStateRegistry     com.zerone.mood                      D  Recalculating open cameras:
                                                                                                    Camera                                       State                 
                                                                                                    -------------------------------------------------------------------
                                                                                                    Camera@29fde2e[id=0]                         OPENING               
                                                                                                    Camera@4610b7[id=3]                          UNKNOWN               
                                                                                                    Camera@a5a0b8e[id=4]                         UNKNOWN               
                                                                                                    Camera@294a6c1[id=5]                         UNKNOWN               
                                                                                                    Camera@8e2db8c[id=2]                         UNKNOWN               
                                                                                                    Camera@5f98506[id=1]                         UNKNOWN               
                                                                                                    -------------------------------------------------------------------
                                                                                                    Open count: 1 (Max allowed: 1)
2023-08-03 18:46:08.242 15816-16737 Camera2CameraImpl       com.zerone.mood                      D  {Camera@29fde2e[id=0]} Opening camera.
2023-08-03 18:46:08.242 15816-16737 Camera2CameraImpl       com.zerone.mood                      D  {Camera@29fde2e[id=0]} Transitioning camera internal state: INITIALIZED --> OPENING
2023-08-03 18:46:08.242 15816-16737 CameraStateMachine      com.zerone.mood                      D  New public camera state CameraState{type=OPENING, error=null} from OPENING and null
2023-08-03 18:46:08.242 15816-16737 CameraStateMachine      com.zerone.mood                      D  Publishing new public camera state CameraState{type=OPENING, error=null}
2023-08-03 18:46:08.243 15816-16737 UseCaseAttachState      com.zerone.mood                      D  All use case: [androidx.camera.core.ImageCapture-2dc99b77-eb65-49b9-8fda-f8e7111a976b131588021, androidx.camera.core.Preview-c62450cf-a9b2-4117-b029-ecfd64debea6248188908, androidx.camera.core.ImageAnalysis-563f94a4-ae96-44eb-8e91-2d7eb2fd99b2135370314] for camera: 0
2023-08-03 18:46:08.245 15816-16737 CameraManager           com.zerone.mood                      I  open camera: 0, package name: com.zerone.mood
2023-08-03 18:46:08.258 15816-15816 SurfaceViewImpl         com.zerone.mood                      D  Surface created.
2023-08-03 18:46:08.258 15816-15816 SurfaceViewImpl         com.zerone.mood                      D  Surface changed. Size: 1920x1080
2023-08-03 18:46:08.260 15816-15816 PreviewView             com.zerone.mood                      D  Preview transformation info updated. TransformationInfo{cropRect=Rect(0, 0 - 1920, 1080), rotationDegrees=90, targetRotation=0}
2023-08-03 18:46:08.260 15816-15816 PreviewTransform        com.zerone.mood                      D  Transformation info set: TransformationInfo{cropRect=Rect(0, 0 - 1920, 1080), rotationDegrees=90, targetRotation=0} 1920x1080 false
2023-08-03 18:46:08.261 15816-15816 CameraOrientationUtil   com.zerone.mood                      D  getRelativeImageRotation: destRotationDegrees=0, sourceRotationDegrees=90, isOppositeFacing=true, result=90
2023-08-03 18:46:08.262 15816-15816 SurfaceViewImpl         com.zerone.mood                      D  Surface set on Preview.
2023-08-03 18:46:08.285 15816-16737 Camera2CameraImpl       com.zerone.mood                      D  {Camera@29fde2e[id=0]} Use case androidx.camera.core.Preview-c62450cf-a9b2-4117-b029-ecfd64debea6248188908 INACTIVE
2023-08-03 18:46:08.285 15816-16737 UseCaseAttachState      com.zerone.mood                      D  Active and attached use case: [androidx.camera.core.ImageCapture-2dc99b77-eb65-49b9-8fda-f8e7111a976b131588021] for camera: 0
2023-08-03 18:46:08.290 15816-16737 Camera2CameraImpl       com.zerone.mood                      D  {Camera@29fde2e[id=0]} Use case androidx.camera.core.ImageCapture-2dc99b77-eb65-49b9-8fda-f8e7111a976b131588021 ACTIVE
2023-08-03 18:46:08.290 15816-16737 UseCaseAttachState      com.zerone.mood                      D  Active and attached use case: [androidx.camera.core.ImageCapture-2dc99b77-eb65-49b9-8fda-f8e7111a976b131588021] for camera: 0
2023-08-03 18:46:08.292 15816-16737 Camera2CameraImpl       com.zerone.mood                      D  {Camera@29fde2e[id=0]} Use case androidx.camera.core.ImageAnalysis-563f94a4-ae96-44eb-8e91-2d7eb2fd99b2135370314 INACTIVE
2023-08-03 18:46:08.293 15816-16737 UseCaseAttachState      com.zerone.mood                      D  Active and attached use case: [androidx.camera.core.ImageCapture-2dc99b77-eb65-49b9-8fda-f8e7111a976b131588021] for camera: 0
2023-08-03 18:46:08.294 15816-16737 Camera2CameraImpl       com.zerone.mood                      D  {Camera@29fde2e[id=0]} Use case androidx.camera.core.Preview-c62450cf-a9b2-4117-b029-ecfd64debea6248188908 ACTIVE
2023-08-03 18:46:08.295 15816-16737 UseCaseAttachState      com.zerone.mood                      D  Active and attached use case: [androidx.camera.core.ImageCapture-2dc99b77-eb65-49b9-8fda-f8e7111a976b131588021, androidx.camera.core.Preview-c62450cf-a9b2-4117-b029-ecfd64debea6248188908] for camera: 0
2023-08-03 18:46:08.303 15816-16737 UseCaseAttachState      com.zerone.mood                      D  Active and attached use case: [androidx.camera.core.ImageCapture-2dc99b77-eb65-49b9-8fda-f8e7111a976b131588021, androidx.camera.core.Preview-c62450cf-a9b2-4117-b029-ecfd64debea6248188908] for camera: 0
2023-08-03 18:46:08.308 15816-16737 Camera2CameraImpl       com.zerone.mood                      D  {Camera@29fde2e[id=0]} CameraDevice.onOpened()
2023-08-03 18:46:08.308 15816-16737 Camera2CameraImpl       com.zerone.mood                      D  {Camera@29fde2e[id=0]} Transitioning camera internal state: OPENING --> OPENED
2023-08-03 18:46:08.308 15816-16737 CameraStateRegistry     com.zerone.mood                      D  Recalculating open cameras:
                                                                                                    Camera                                       State                 
                                                                                                    -------------------------------------------------------------------
                                                                                                    Camera@29fde2e[id=0]                         OPEN                  
                                                                                                    Camera@4610b7[id=3]                          UNKNOWN               
                                                                                                    Camera@a5a0b8e[id=4]                         UNKNOWN               
                                                                                                    Camera@294a6c1[id=5]                         UNKNOWN               
                                                                                                    Camera@8e2db8c[id=2]                         UNKNOWN               
                                                                                                    Camera@5f98506[id=1]                         UNKNOWN               
                                                                                                    -------------------------------------------------------------------
                                                                                                    Open count: 1 (Max allowed: 1)
2023-08-03 18:46:08.309 15816-16737 CameraStateMachine      com.zerone.mood                      D  New public camera state CameraState{type=OPEN, error=null} from OPEN and null
2023-08-03 18:46:08.309 15816-16737 CameraStateMachine      com.zerone.mood                      D  Publishing new public camera state CameraState{type=OPEN, error=null}
2023-08-03 18:46:08.310 15816-16737 UseCaseAttachState      com.zerone.mood                      D  All use case: [androidx.camera.core.ImageCapture-2dc99b77-eb65-49b9-8fda-f8e7111a976b131588021, androidx.camera.core.Preview-c62450cf-a9b2-4117-b029-ecfd64debea6248188908, androidx.camera.core.ImageAnalysis-563f94a4-ae96-44eb-8e91-2d7eb2fd99b2135370314] for camera: 0
2023-08-03 18:46:08.317 15816-16737 UseCaseAttachState      com.zerone.mood                      D  Active and attached use case: [androidx.camera.core.ImageCapture-2dc99b77-eb65-49b9-8fda-f8e7111a976b131588021, androidx.camera.core.Preview-c62450cf-a9b2-4117-b029-ecfd64debea6248188908] for camera: 0
2023-08-03 18:46:08.319 15816-16737 SyncCaptureSessionBase  com.zerone.mood                      D  [androidx.camera.camera2.internal.SynchronizedCaptureSessionBaseImpl@24d36f] getSurface...done
2023-08-03 18:46:08.319 15816-16737 CaptureSession          com.zerone.mood                      D  Opening capture session.
2023-08-03 18:46:08.323 15816-16737 DeferrableSurface       com.zerone.mood                      D  New surface in use[total_surfaces=3, used_surfaces=1](androidx.camera.core.SurfaceRequest$2@d2ea4a2}
2023-08-03 18:46:08.323 15816-16737 DeferrableSurface       com.zerone.mood                      D  use count+1, useCount=1 androidx.camera.core.SurfaceRequest$2@d2ea4a2
2023-08-03 18:46:08.323 15816-16737 DeferrableSurface       com.zerone.mood                      D  New surface in use[total_surfaces=3, used_surfaces=2](androidx.camera.core.impl.ImmediateSurface@cff8669}
2023-08-03 18:46:08.323 15816-16737 DeferrableSurface       com.zerone.mood                      D  use count+1, useCount=1 androidx.camera.core.impl.ImmediateSurface@cff8669
2023-08-03 18:46:08.323 15816-16737 DeferrableSurface       com.zerone.mood                      D  New surface in use[total_surfaces=3, used_surfaces=3](androidx.camera.core.impl.ImmediateSurface@f6425fa}
2023-08-03 18:46:08.323 15816-16737 DeferrableSurface       com.zerone.mood                      D  use count+1, useCount=1 androidx.camera.core.impl.ImmediateSurface@f6425fa
2023-08-03 18:46:08.335 15816-16737 CaptureSession          com.zerone.mood                      D  Attempting to send capture request onConfigured
2023-08-03 18:46:08.336 15816-16737 CaptureSession          com.zerone.mood                      D  Issuing request for session.
2023-08-03 18:46:08.336 15816-16737 CaptureRequestBuilder   com.zerone.mood                      D  createCaptureRequest
2023-08-03 18:46:08.338 15816-16737 CaptureSession          com.zerone.mood                      D  CameraCaptureSession.onConfigured() mState=OPENED
2023-08-03 18:46:08.338 15816-16737 CaptureSession          com.zerone.mood                      D  CameraCaptureSession.onReady() OPENED
2023-08-03 18:46:08.467 15816-15968 libEGL                  com.zerone.mood                      W  EGLNativeWindowType 0x78bd4d0090 disconnect failed
2023-08-03 18:46:08.483 15816-15968 libEGL                  com.zerone.mood                      W  EGLNativeWindowType 0x78bd4cedd0 disconnect failed
2023-08-03 18:46:08.964 15816-16736 StreamStateObserver     com.zerone.mood                      D  Update Preview stream state to STREAMING
2023-08-03 18:46:09.676 15816-15816 Settings                com.zerone.mood                      W  Setting device_provisioned has moved from android.provider.Settings.Secure to android.provider.Settings.Global.
2023-08-03 18:46:09.676 15816-15816 HiTouch_HiTouchSensor   com.zerone.mood                      V  User setup is finished.
2023-08-03 18:46:09.780 15816-15816 CameraOrientationUtil   com.zerone.mood                      D  getRelativeImageRotation: destRotationDegrees=0, sourceRotationDegrees=90, isOppositeFacing=true, result=90
2023-08-03 18:46:09.780 15816-15816 CameraOrientationUtil   com.zerone.mood                      D  getRelativeImageRotation: destRotationDegrees=0, sourceRotationDegrees=90, isOppositeFacing=true, result=90
2023-08-03 18:46:09.781 15816-15816 ImageCapture            com.zerone.mood                      D  Send image capture request [current, pending] = [0, 1]
2023-08-03 18:46:09.781 15816-15816 ImageCapture            com.zerone.mood                      D  issueTakePicture
2023-08-03 18:46:09.785 15816-16739 Camera2CameraImpl       com.zerone.mood                      D  {Camera@29fde2e[id=0]} Issue capture request
2023-08-03 18:46:09.786 15816-16739 CaptureSession          com.zerone.mood                      D  Issuing capture request.
2023-08-03 18:46:09.788 15816-16739 CaptureRequestBuilder   com.zerone.mood                      D  createCaptureRequest
2023-08-03 18:46:09.820 15816-16100 Gralloc3                com.zerone.mood                      W  allocator 3.x is not supported
2023-08-03 18:46:11.061 15816-15816 AudioManager            com.zerone.mood                      V  querySoundEffectsEnabled...
2023-08-03 18:46:11.071 15816-15816 RtgSchedManager         com.zerone.mood                      E  endActivityTransaction: margin state not match
2023-08-03 18:46:11.075 15816-15816 MobPushLogger           com.zerone.mood                      I  [MobPush]MobPush parsePushIntent uri:intent:#Intent;launchFlags=0x10000000;component=com.zerone.mood/com.luck.lib.camerax.PictureCameraActivity;B.com.luck.lib.camerax.isAutoRotation=true;S.com.luck.lib.camerax.OutputPathDir=%2Fstorage%2Femulated%2F0%2FAndroid%2Fdata%2Fcom.zerone.mood%2Ffiles%2FSandbox%2F;i.com.luck.lib.camerax.VideoBitRate=3145728;B.com.luck.lib.camerax.isManualFocus=true;i.com.luck.lib.camerax.VideoFrameRate=25;i.com.luck.lib.camerax.CameraMode=1;B.com.luck.lib.camerax.DisplayRecordChangeTime=true;B.com.luck.lib.camerax.isZoomPreview=true;end
2023-08-03 18:46:11.076 15816-15816 MobPushLogger           com.zerone.mood                      I  [MobPush]MobPush parsePushIntent JSONArray:{}
2023-08-03 18:46:11.076 15816-15816 HiAdSDK.Sc...tiveLayout com.zerone.mood                      I   stop
2023-08-03 18:46:11.084  1812-2153  WindowManager           pid-1812                             E  win=Window{a728209 u0 com.zerone.mood/com.zerone.mood.MainActivity} destroySurfaces: appStopped=false win.mWindowRemovalAllowed=false win.mRemoveOnExit=false
2023-08-03 18:46:11.089 15816-15816 RtgSchedManager         com.zerone.mood                      E  endActivityTransaction: margin state not match
2023-08-03 18:46:11.090 15816-15816 ActivityThread          com.zerone.mood                      D  Won't deliver top position change in state=4
2023-08-03 18:46:11.090 15816-15816 RtgSchedManager         com.zerone.mood                      E  endActivityTransaction: margin state not match
2023-08-03 18:46:11.091 15816-15816 UMLog_Social            com.zerone.mood                      I  onActivityResult =1946317080  resultCode=0
2023-08-03 18:46:11.093 15816-15816 MobPushLogger           com.zerone.mood                      I  [MobPush]MobPush parsePushIntent uri:intent:#Intent;launchFlags=0x10000000;component=com.zerone.mood/.MainActivity;S.startFromLauncher=shortcut;end
2023-08-03 18:46:11.093 15816-15816 MobPushLogger           com.zerone.mood                      I  [MobPush]MobPush parsePushIntent JSONArray:{}
2023-08-03 18:46:11.093 15816-15816 crashsdk                com.zerone.mood                      I  Unexp log not enabled, skip update unexp info!
2023-08-03 18:46:11.095 15816-15816 AndroidAutoSize         com.zerone.mood                      D  The com.zerone.mood.MainActivity has been adapted! 
                                                                                                    MainActivity Info: isBaseOnWidth = true, designWidthInDp = 375.000000, designWidthInSubunits = 375.000000, targetDensity = 2.880000, targetScaledDensity = 2.880000, targetDensityDpi = 460, targetXdpi = 2.880000, targetScreenWidthDp = 375, targetScreenHeightDp = 758
2023-08-03 18:46:11.097 15816-15816 RtgSchedManager         com.zerone.mood                      E  endActivityTransaction: margin state not match
2023-08-03 18:46:11.099  2725-3287  DollieAdapterService    pid-2725                             E  notifyActivityState pkg:com.zerone.mood/com.zerone.mood.MainActivity state:2 fg:true mUid:11746
2023-08-03 18:46:11.104 15816-15995 MobclickAgent           com.zerone.mood                      D  延续上一个会话: 29C9802852043C67C381F1EC72451961
2023-08-03 18:46:11.106 15816-15995 UMLog                   com.zerone.mood                      D  当前发送策略为：启动时发送。详见链接 https://developer.umeng.com/docs/66632/detail/66976?um_channel=sdk
2023-08-03 18:46:11.113 15816-15968 mali_winsys             com.zerone.mood                      D  EGLint new_window_surface(egl_winsys_display *, void *, EGLSurface, EGLConfig, egl_winsys_surface **, EGLBoolean) returns 0x3000
2023-08-03 18:46:11.148 15816-15968 mali_winsys             com.zerone.mood                      D  EGLint new_window_surface(egl_winsys_display *, void *, EGLSurface, EGLConfig, egl_winsys_surface **, EGLBoolean) returns 0x3000
2023-08-03 18:46:11.150 15816-15816 BitmapFactory           com.zerone.mood                      D  decodeResource getCachedBitmap ok
2023-08-03 18:46:11.150 15816-15816 BitmapFactory           com.zerone.mood                      D  decodeResource getCachedBitmap ok
2023-08-03 18:46:11.177 15816-15816 HwViewRootImpl          com.zerone.mood                      I  removeInvalidNode all the node in jank list is out of time
2023-08-03 18:46:11.177 15816-15816 RmeSchedManager         com.zerone.mood                      I  SetMarginData, input:3, animation:4, traversal:4, util:600, frameRate:60
2023-08-03 18:46:11.180 15816-15816 DecorView               com.zerone.mood                      D  showOrHideHighlightView: hasFocus=false; winMode=1; isMrgNull=true
2023-08-03 18:46:11.183 15816-15816 InputMethodManager      com.zerone.mood                      W  startInputReason = 1
2023-08-03 18:46:11.183 15816-15816 HwRemoteIn...hodManager com.zerone.mood                      W  isCasting false because IHwDistributedWindowManager is invalid.
2023-08-03 18:46:11.237 15816-15816 BitmapFactory           com.zerone.mood                      D  decodeResource getCachedBitmap ok
2023-08-03 18:46:11.238 15816-15816 BitmapFactory           com.zerone.mood                      D  decodeResource getCachedBitmap ok
2023-08-03 18:46:11.272 15816-15968 RmeSchedManager         com.zerone.mood                      I  SetMarginData, input:3, animation:4, traversal:4, util:600, frameRate:60
2023-08-03 18:46:11.535 15816-15816 SurfaceViewImpl         com.zerone.mood                      D  Surface destroyed.
2023-08-03 18:46:11.535 15816-15816 SurfaceViewImpl         com.zerone.mood                      D  Surface invalidated androidx.camera.core.SurfaceRequest@611506d
2023-08-03 18:46:11.535 15816-15816 DeferrableSurface       com.zerone.mood                      D  surface closed,  useCount=1 closed=true androidx.camera.core.SurfaceRequest$2@d2ea4a2
2023-08-03 18:46:11.545 15816-15968 libEGL                  com.zerone.mood                      W  EGLNativeWindowType 0x78a054e6d0 disconnect failed
2023-08-03 18:46:11.551 15816-15816 MobPushLogger           com.zerone.mood                      I  [MobPush]MobPush parsePushIntent uri:intent:#Intent;launchFlags=0x10000000;component=com.zerone.mood/com.luck.lib.camerax.PictureCameraActivity;B.com.luck.lib.camerax.isAutoRotation=true;S.com.luck.lib.camerax.OutputPathDir=%2Fstorage%2Femulated%2F0%2FAndroid%2Fdata%2Fcom.zerone.mood%2Ffiles%2FSandbox%2F;i.com.luck.lib.camerax.VideoBitRate=3145728;B.com.luck.lib.camerax.isManualFocus=true;i.com.luck.lib.camerax.VideoFrameRate=25;i.com.luck.lib.camerax.CameraMode=1;B.com.luck.lib.camerax.DisplayRecordChangeTime=true;B.com.luck.lib.camerax.isZoomPreview=true;end
2023-08-03 18:46:11.551 15816-16737 Camera2CameraImpl       com.zerone.mood                      D  {Camera@29fde2e[id=0]} Use cases [androidx.camera.core.Preview-c62450cf-a9b2-4117-b029-ecfd64debea6248188908, androidx.camera.core.ImageCapture-2dc99b77-eb65-49b9-8fda-f8e7111a976b131588021, androidx.camera.core.ImageAnalysis-563f94a4-ae96-44eb-8e91-2d7eb2fd99b2135370314] now DETACHED for camera
2023-08-03 18:46:11.551 15816-15816 MobPushLogger           com.zerone.mood                      I  [MobPush]MobPush parsePushIntent JSONArray:{}
2023-08-03 18:46:11.552 15816-16737 UseCaseAttachState      com.zerone.mood                      D  All use case: [] for camera: 0
2023-08-03 18:46:11.552 15816-16737 Camera2CameraImpl       com.zerone.mood                      D  {Camera@29fde2e[id=0]} Resetting Capture Session
2023-08-03 18:46:11.553 15816-16737 Camera2CameraImpl       com.zerone.mood                      D  {Camera@29fde2e[id=0]} Releasing session in state OPENED
2023-08-03 18:46:11.553 15816-16737 UseCaseAttachState      com.zerone.mood                      D  Active and attached use case: [] for camera: 0
2023-08-03 18:46:11.554 15816-15816 DeferrableSurface       com.zerone.mood                      D  surface closed,  useCount=1 closed=true androidx.camera.core.impl.ImmediateSurface@cff8669
2023-08-03 18:46:11.554 15816-16737 UseCaseAttachState      com.zerone.mood                      D  Active and attached use case: [] for camera: 0
2023-08-03 18:46:11.554 15816-15816 DeferrableSurface       com.zerone.mood                      D  surface closed,  useCount=1 closed=true androidx.camera.core.impl.ImmediateSurface@f6425fa
2023-08-03 18:46:11.554 15816-16737 Camera2CameraImpl       com.zerone.mood                      D  {Camera@29fde2e[id=0]} Closing camera.
2023-08-03 18:46:11.555 15816-16737 Camera2CameraImpl       com.zerone.mood                      D  {Camera@29fde2e[id=0]} Transitioning camera internal state: OPENED --> CLOSING
2023-08-03 18:46:11.555 15816-16737 CameraStateRegistry     com.zerone.mood                      D  Recalculating open cameras:
                                                                                                    Camera                                       State                 
                                                                                                    -------------------------------------------------------------------
                                                                                                    Camera@29fde2e[id=0]                         CLOSING               
                                                                                                    Camera@4610b7[id=3]                          UNKNOWN               
                                                                                                    Camera@a5a0b8e[id=4]                         UNKNOWN               
                                                                                                    Camera@294a6c1[id=5]                         UNKNOWN               
                                                                                                    Camera@8e2db8c[id=2]                         UNKNOWN               
                                                                                                    Camera@5f98506[id=1]                         UNKNOWN               
                                                                                                    -------------------------------------------------------------------
                                                                                                    Open count: 1 (Max allowed: 1)
2023-08-03 18:46:11.555 15816-16737 CameraStateMachine      com.zerone.mood                      D  New public camera state CameraState{type=CLOSING, error=null} from CLOSING and null
2023-08-03 18:46:11.555 15816-16737 CameraStateMachine      com.zerone.mood                      D  Publishing new public camera state CameraState{type=CLOSING, error=null}
2023-08-03 18:46:11.555 15816-15816 MobPushLogger           com.zerone.mood                      I  [MobPush]MobPush parsePushIntent uri:intent:#Intent;launchFlags=0x10000000;component=com.zerone.mood/com.luck.lib.camerax.PictureCameraActivity;B.com.luck.lib.camerax.isAutoRotation=true;S.com.luck.lib.camerax.OutputPathDir=%2Fstorage%2Femulated%2F0%2FAndroid%2Fdata%2Fcom.zerone.mood%2Ffiles%2FSandbox%2F;i.com.luck.lib.camerax.VideoBitRate=3145728;B.com.luck.lib.camerax.isManualFocus=true;i.com.luck.lib.camerax.VideoFrameRate=25;i.com.luck.lib.camerax.CameraMode=1;B.com.luck.lib.camerax.DisplayRecordChangeTime=true;B.com.luck.lib.camerax.isZoomPreview=true;end
2023-08-03 18:46:11.555 15816-15816 MobPushLogger           com.zerone.mood                      I  [MobPush]MobPush parsePushIntent JSONArray:{}
2023-08-03 18:46:11.555 15816-16737 Camera2CameraImpl       com.zerone.mood                      D  {Camera@29fde2e[id=0]} Resetting Capture Session
2023-08-03 18:46:11.555 15816-15816 HiAdSDK.Sc...tiveLayout com.zerone.mood                      I   stop
2023-08-03 18:46:11.555 15816-16737 Camera2CameraImpl       com.zerone.mood                      D  {Camera@29fde2e[id=0]} Releasing session in state CLOSING
2023-08-03 18:46:11.556 15816-16737 CaptureSession          com.zerone.mood                      D  onSessionFinished()
2023-08-03 18:46:11.556 15816-16737 CameraDevice-JV-0       com.zerone.mood                      I  close camera: 0, package name: com.zerone.mood
2023-08-03 18:46:11.557 15816-15816 ActivityThread          com.zerone.mood                      D  Remove activity client record, r= ActivityRecord{eb51c07 token=android.os.BinderProxy@5c14d6a {com.zerone.mood/com.luck.lib.camerax.PictureCameraActivity}} token= android.os.BinderProxy@5c14d6a
2023-08-03 18:46:11.558 15816-15816 ViewRootImpl            com.zerone.mood                      I  dispatchDetachedFromWindow in doDie
2023-08-03 18:46:11.563 15816-15816 RtgSchedManager         com.zerone.mood                      E  endActivityTransaction: margin state not match
2023-08-03 18:46:11.568 15816-15816 StreamStateObserver     com.zerone.mood                      D  Update Preview stream state to IDLE
2023-08-03 18:46:11.608 15816-15968 RmeSchedManager         com.zerone.mood                      I  SetMarginData, input:3, animation:4, traversal:4, util:600, frameRate:60
2023-08-03 18:46:11.691 15816-15968 RmeSchedManager         com.zerone.mood                      I  SetMarginData, input:3, animation:4, traversal:4, util:600, frameRate:60
2023-08-03 18:46:11.756 15816-15841 CameraDevice-JV-0       com.zerone.mood                      I  Camera now idle
2023-08-03 18:46:11.756 15816-16737 UseCaseAttachState      com.zerone.mood                      D  Active and attached use case: [] for camera: 0
2023-08-03 18:46:11.757 15816-16737 DeferrableSurface       com.zerone.mood                      D  use count-1,  useCount=0 closed=true androidx.camera.core.SurfaceRequest$2@d2ea4a2
2023-08-03 18:46:11.757 15816-16737 DeferrableSurface       com.zerone.mood                      D  Surface no longer in use[total_surfaces=3, used_surfaces=2](androidx.camera.core.SurfaceRequest$2@d2ea4a2}
2023-08-03 18:46:11.758 15816-16737 DeferrableSurface       com.zerone.mood                      D  Surface terminated[total_surfaces=2, used_surfaces=2](androidx.camera.core.SurfaceRequest$2@d2ea4a2}
2023-08-03 18:46:11.758 15816-16737 DeferrableSurface       com.zerone.mood                      D  use count-1,  useCount=0 closed=true androidx.camera.core.impl.ImmediateSurface@cff8669
2023-08-03 18:46:11.758 15816-16737 DeferrableSurface       com.zerone.mood                      D  Surface no longer in use[total_surfaces=2, used_surfaces=1](androidx.camera.core.impl.ImmediateSurface@cff8669}
2023-08-03 18:46:11.758 15816-16737 DeferrableSurface       com.zerone.mood                      D  Surface terminated[total_surfaces=1, used_surfaces=1](androidx.camera.core.impl.ImmediateSurface@cff8669}
2023-08-03 18:46:11.758 15816-16737 DeferrableSurface       com.zerone.mood                      D  use count-1,  useCount=0 closed=true androidx.camera.core.impl.ImmediateSurface@f6425fa
2023-08-03 18:46:11.758 15816-16737 DeferrableSurface       com.zerone.mood                      D  Surface no longer in use[total_surfaces=1, used_surfaces=0](androidx.camera.core.impl.ImmediateSurface@f6425fa}
2023-08-03 18:46:11.758 15816-16737 DeferrableSurface       com.zerone.mood                      D  Surface terminated[total_surfaces=0, used_surfaces=0](androidx.camera.core.impl.ImmediateSurface@f6425fa}
2023-08-03 18:46:11.759 15816-16737 Camera2CameraImpl       com.zerone.mood                      D  {Camera@29fde2e[id=0]} CameraDevice.onClosed()
2023-08-03 18:46:11.760 15816-16737 Camera2CameraImpl       com.zerone.mood                      D  {Camera@29fde2e[id=0]} Transitioning camera internal state: CLOSING --> INITIALIZED
2023-08-03 18:46:11.760 15816-16737 CameraStateRegistry     com.zerone.mood                      D  Recalculating open cameras:
                                                                                                    Camera                                       State                 
                                                                                                    -------------------------------------------------------------------
                                                                                                    Camera@29fde2e[id=0]                         CLOSED                
                                                                                                    Camera@4610b7[id=3]                          UNKNOWN               
                                                                                                    Camera@a5a0b8e[id=4]                         UNKNOWN               
                                                                                                    Camera@294a6c1[id=5]                         UNKNOWN               
                                                                                                    Camera@8e2db8c[id=2]                         UNKNOWN               
                                                                                                    Camera@5f98506[id=1]                         UNKNOWN               
                                                                                                    -------------------------------------------------------------------
                                                                                                    Open count: 0 (Max allowed: 1)
2023-08-03 18:46:11.760 15816-16737 CameraStateMachine      com.zerone.mood                      D  New public camera state CameraState{type=CLOSED, error=null} from CLOSED and null
2023-08-03 18:46:11.761 15816-16737 CameraStateMachine      com.zerone.mood                      D  Publishing new public camera state CameraState{type=CLOSED, error=null}
2023-08-03 18:46:11.771 15816-15816 SurfaceViewImpl         com.zerone.mood                      D  Safe to release surface.
2023-08-03 18:46:11.777 15816-15968 RmeSchedManager         com.zerone.mood                      I  SetMarginData, input:3, animation:4, traversal:4, util:600, frameRate:60
2023-08-03 18:46:11.880 15816-15968 RmeSchedManager         com.zerone.mood                      I  SetMarginData, input:3, animation:4, traversal:4, util:600, frameRate:60
2023-08-03 18:46:11.959 15816-15968 RmeSchedManager         com.zerone.mood                      I  SetMarginData, input:3, animation:4, traversal:4, util:600, frameRate:60
2023-08-03 18:46:12.026 15816-15968 RmeSchedManager         com.zerone.mood                      I  SetMarginData, input:3, animation:4, traversal:4, util:600, frameRate:60
2023-08-03 18:46:12.092 15816-15968 RmeSchedManager         com.zerone.mood                      I  SetMarginData, input:3, animation:4, traversal:4, util:600, frameRate:60
2023-08-03 18:46:12.179 15816-15968 RmeSchedManager         com.zerone.mood                      I  SetMarginData, input:3, animation:4, traversal:4, util:600, frameRate:60
2023-08-03 18:46:12.242 15816-15968 RmeSchedManager         com.zerone.mood                      I  SetMarginData, input:3, animation:4, traversal:4, util:600, frameRate:60
2023-08-03 18:46:12.325 15816-15968 RmeSchedManager         com.zerone.mood                      I  SetMarginData, input:3, animation:4, traversal:4, util:600, frameRate:60
2023-08-03 18:46:12.406 15816-15968 RmeSchedManager         com.zerone.mood                      I  SetMarginData, input:3, animation:4, traversal:4, util:600, frameRate:60
2023-08-03 18:46:12.495 15816-15968 RmeSchedManager         com.zerone.mood                      I  SetMarginData, input:3, animation:4, traversal:4, util:600, frameRate:60
2023-08-03 18:46:12.574 15816-15968 RmeSchedManager         com.zerone.mood                      I  SetMarginData, input:3, animation:4, traversal:4, util:600, frameRate:60
2023-08-03 18:46:12.641 15816-15968 chatty                  com.zerone.mood                      I  uid=11746(com.zerone.mood) RenderThread identical 1 line
2023-08-03 18:46:12.707 15816-15968 RmeSchedManager         com.zerone.mood                      I  SetMarginData, input:3, animation:4, traversal:4, util:600, frameRate:60
2023-08-03 18:46:12.774 15816-15968 RmeSchedManager         com.zerone.mood                      I  SetMarginData, input:3, animation:4, traversal:4, util:600, frameRate:60
2023-08-03 18:46:12.855 15816-15968 RmeSchedManager         com.zerone.mood                      I  SetMarginData, input:3, animation:4, traversal:4, util:600, frameRate:60
2023-08-03 18:46:12.957 15816-15968 RmeSchedManager         com.zerone.mood                      I  SetMarginData, input:3, animation:4, traversal:4, util:600, frameRate:60
2023-08-03 18:46:13.067 15816-15968 RmeSchedManager         com.zerone.mood                      I  SetMarginData, input:3, animation:4, traversal:4, util:600, frameRate:60
2023-08-03 18:46:13.143 15816-15968 RmeSchedManager         com.zerone.mood                      I  SetMarginData, input:3, animation:4, traversal:4, util:600, frameRate:60
2023-08-03 18:46:13.220 15816-15968 RmeSchedManager         com.zerone.mood                      I  SetMarginData, input:3, animation:4, traversal:4, util:600, frameRate:60
2023-08-03 18:46:13.306 15816-15968 RmeSchedManager         com.zerone.mood                      I  SetMarginData, input:3, animation:4, traversal:4, util:600, frameRate:60
2023-08-03 18:46:13.390 15816-15968 RmeSchedManager         com.zerone.mood                      I  SetMarginData, input:3, animation:4, traversal:4, util:600, frameRate:60
2023-08-03 18:46:13.454 15816-15968 RmeSchedManager         com.zerone.mood                      I  SetMarginData, input:3, animation:4, traversal:4, util:600, frameRate:60
2023-08-03 18:46:13.554 15816-15968 RmeSchedManager         com.zerone.mood                      I  SetMarginData, input:3, animation:4, traversal:4, util:600, frameRate:60
2023-08-03 18:46:13.771 15816-15968 chatty                  com.zerone.mood                      I  uid=11746(com.zerone.mood) RenderThread identical 3 lines
2023-08-03 18:46:13.836 15816-15968 RmeSchedManager         com.zerone.mood                      I  SetMarginData, input:3, animation:4, traversal:4, util:600, frameRate:60
2023-08-03 18:46:13.918 15816-15968 RmeSchedManager         com.zerone.mood                      I  SetMarginData, input:3, animation:4, traversal:4, util:600, frameRate:60
2023-08-03 18:46:14.004 15816-15968 RmeSchedManager         com.zerone.mood                      I  SetMarginData, input:3, animation:4, traversal:4, util:600, frameRate:60
2023-08-03 18:46:14.102 15816-15968 RmeSchedManager         com.zerone.mood                      I  SetMarginData, input:3, animation:4, traversal:4, util:600, frameRate:60
2023-08-03 18:46:14.166 15816-15968 chatty                  com.zerone.mood                      I  uid=11746(com.zerone.mood) RenderThread identical 1 line
2023-08-03 18:46:14.235 15816-15968 RmeSchedManager         com.zerone.mood                      I  SetMarginData, input:3, animation:4, traversal:4, util:600, frameRate:60
2023-08-03 18:46:14.301 15816-15968 RmeSchedManager         com.zerone.mood                      I  SetMarginData, input:3, animation:4, traversal:4, util:600, frameRate:60
2023-08-03 18:46:14.367 15816-15968 RmeSchedManager         com.zerone.mood                      I  SetMarginData, input:3, animation:4, traversal:4, util:600, frameRate:60
